// Jest Snapshot v1, https://goo.gl/fbAQLP

exports[`local/server/start/api should configure and return the API router 1`] = `
Array [
  Array [
    "express.Router",
    Array [],
  ],
  Array [
    "todo",
    Array [],
  ],
  Array [
    "router.use",
    Array [
      "/todo",
      "todo",
    ],
  ],
]
`;
