// Jest Snapshot v1, https://goo.gl/fbAQLP

exports[`new/local/app/ui/fontAwesome should utilize the dependency APIs correctly 1`] = `
Object {
  "@fortawesome/fontawesome-svg-core": "^1.2.25",
  "@fortawesome/free-brands-svg-icons": "^5.11.2",
  "@fortawesome/free-regular-svg-icons": "^5.11.2",
  "@fortawesome/free-solid-svg-icons": "^5.11.2",
}
`;
