// Jest Snapshot v1, https://goo.gl/fbAQLP

exports[`../index.js <App /> (language detector ready false) should render 1`] = `null`;

exports[`../index.js <App /> (language detector ready true) should render 1`] = `
<div
  className="RoutingProvider"
>
  <ul
    className="clientLinks"
  >
    <li
      className="home"
    >
      <i
        className="FontAwesomeIcon"
        icon={
          Array [
            "fas",
            "home",
          ]
        }
        size="2x"
      />
      <ul
        className="translation"
      >
        <li
          className="en"
        >
          Home
        </li>
        <li
          className="es"
        >
          Inicio
        </li>
      </ul>
    </li>
    <li
      className="notFound"
    >
      <i
        className="FontAwesomeIcon"
        icon={
          Array [
            "fas",
            "dizzy",
          ]
        }
        size="2x"
      />
      <ul
        className="translation"
      >
        <li
          className="en"
        >
          Not Found
        </li>
        <li
          className="es"
        >
          No Encontrado
        </li>
      </ul>
    </li>
  </ul>
  <div
    className="children"
  >
    <div
      className="HandleRedirection"
    />
    <div
      className="AppDrawer"
    >
      <div
        className="Home"
      />
      <div
        className="NotFound"
      />
    </div>
  </div>
</div>
`;

exports[`../index.js should render 1`] = `
<div
  className="DarkMode"
>
  <div
    className="Theme"
  >
    <div
      className="CssBaseline"
    />
    <div
      className="BrowserRouter"
    >
      <div
        className="Route"
      />
    </div>
  </div>
</div>
`;

exports[`../index.js should use the right versions of its dependencies 1`] = `
Object {
  "react": "^16.10.1",
  "react-dom": "^16.10.1",
  "react-router-dom": "^5.1.2",
}
`;
