// Jest Snapshot v1, https://goo.gl/fbAQLP

exports[`lib/routing/LinkTranslator/translate linkTranslator.translate (languageCode is supported) should translate to every language 1`] = `
Array [
  Object {
    "key": "en",
    "languageCode": "en",
    "location": Object {
      "pathname": "location",
    },
    "text": "English",
  },
  Object {
    "key": "es",
    "languageCode": "es",
    "location": Array [
      "functions.es.toLocal",
      Array [
        Array [
          "functions.en.toIntl",
          Array [
            Object {
              "pathname": "location",
            },
          ],
        ],
      ],
    ],
    "text": "Spanish",
  },
]
`;
