// Jest Snapshot v1, https://goo.gl/fbAQLP

exports[`new/local/utils/postgres/minifySql should minify SQL queries 1`] = `"SELECT*FROM my_table WHERE foo=$1 LIMIT 20"`;

exports[`new/local/utils/postgres/minifySql should utilize the dependency APIs correctly 1`] = `
Object {
  "pg-minify": "^1.5.1",
}
`;
