// Jest Snapshot v1, https://goo.gl/fbAQLP

exports[`new/local/app/server should create the app (isProduction false, cluster.isMaster false) 1`] = `
Array [
  Array [
    "startHttp",
    Array [],
  ],
]
`;

exports[`new/local/app/server should create the app (isProduction false, cluster.isMaster true) 1`] = `
Array [
  Array [
    "startHttp",
    Array [],
  ],
]
`;

exports[`new/local/app/server should create the app (isProduction true, cluster.isMaster false) 1`] = `
Array [
  Array [
    "startHttp",
    Array [],
  ],
]
`;

exports[`new/local/app/server should create the app (isProduction true, cluster.isMaster true) 1`] = `
Array [
  Array [
    "console.log",
    Array [
      "Node cluster master 'process.pid' is running",
    ],
  ],
  Array [
    "cluster.fork",
    Array [],
  ],
  Array [
    "cluster.fork",
    Array [],
  ],
  Array [
    "cluster.on",
    Array [
      "exit",
      "new/local/app/server/handleClusterExit",
    ],
  ],
]
`;
