// Jest Snapshot v1, https://goo.gl/fbAQLP

exports[`./index.js should use the right versions of its dependencies 1`] = `
Object {
  "@fortawesome/fontawesome-svg-core": "^1.2.25",
  "@fortawesome/free-brands-svg-icons": "^5.11.2",
  "@fortawesome/free-regular-svg-icons": "^5.11.2",
  "@fortawesome/free-solid-svg-icons": "^5.11.2",
  "@fortawesome/react-fontawesome": "^0.1.5",
}
`;
