// Jest Snapshot v1, https://goo.gl/fbAQLP

exports[`local/server/pg/extendRepos should extend the repo 1`] = `
Object {
  "db": Object {
    "name": "db",
    "todo": Object {
      "name": "Todo instance",
    },
  },
  "dc": Object {
    "name": "dc",
  },
  "mockFnCalls": Array [
    Array [
      "Todo",
      Array [
        Object {
          "name": "db",
          "todo": Object {
            "name": "Todo instance",
          },
        },
        Object {
          "name": "dc",
        },
      ],
    ],
  ],
}
`;
