// Jest Snapshot v1, https://goo.gl/fbAQLP

exports[`local/server/pg/startDb should configure pg-promise (NODE_ENV foo) 1`] = `
Array [
  Array [
    "ErrorFilter",
    Array [],
  ],
  Array [
    "pgPromise",
    Array [
      Object {
        "error": "errorFilter.logger",
        "extend": "local/server/pg/extendRepos",
        "promiseLib": "Bluebird",
      },
    ],
  ],
  Array [
    "pgp",
    Array [
      Object {
        "database": "'process.env.PG_DATABASE'",
        "host": "'process.env.PG_HOST'",
        "password": "'process.env.PG_PASSWORD'",
        "user": "'process.env.PG_USER'",
      },
    ],
  ],
  Array [
    "monitor.setTheme",
    Array [
      "matrix",
    ],
  ],
  Array [
    "HandleMonitorLog",
    Array [],
  ],
  Array [
    "monitor.setLog",
    Array [
      "HandleMonitorLog()",
    ],
  ],
  Array [
    "monitor.attach",
    Array [
      Object {
        "error": "errorFilter.logger",
        "extend": "local/server/pg/extendRepos",
        "promiseLib": "Bluebird",
      },
      Array [
        "connect",
        "disconnect",
        "task",
        "transact",
        "query",
      ],
    ],
  ],
  Array [
    "ErrorFilter",
    Array [],
  ],
  Array [
    "pgPromise",
    Array [
      Object {
        "error": "errorFilter.logger",
        "extend": "local/server/pg/extendRepos",
        "promiseLib": "Bluebird",
      },
    ],
  ],
  Array [
    "pgp",
    Array [
      Object {
        "database": "'process.env.PG_DATABASE'",
        "host": "'process.env.PG_HOST'",
        "password": "'process.env.PG_PASSWORD'",
        "user": "'process.env.PG_USER'",
      },
    ],
  ],
  Array [
    "monitor.setTheme",
    Array [
      "matrix",
    ],
  ],
  Array [
    "HandleMonitorLog",
    Array [],
  ],
  Array [
    "monitor.setLog",
    Array [
      "HandleMonitorLog()",
    ],
  ],
  Array [
    "monitor.attach",
    Array [
      Object {
        "error": "errorFilter.logger",
        "extend": "local/server/pg/extendRepos",
        "promiseLib": "Bluebird",
      },
      Array [
        "connect",
        "disconnect",
        "task",
        "transact",
        "query",
      ],
    ],
  ],
]
`;

exports[`local/server/pg/startDb should configure pg-promise (NODE_ENV production) 1`] = `
Array [
  Array [
    "ErrorFilter",
    Array [],
  ],
  Array [
    "pgPromise",
    Array [
      Object {
        "error": "errorFilter.logger",
        "extend": "local/server/pg/extendRepos",
        "promiseLib": "Bluebird",
      },
    ],
  ],
  Array [
    "pgp",
    Array [
      Object {
        "database": "'process.env.PG_DATABASE'",
        "host": "'process.env.PG_HOST'",
        "password": "'process.env.PG_PASSWORD'",
        "user": "'process.env.PG_USER'",
      },
    ],
  ],
  Array [
    "monitor.setTheme",
    Array [
      "matrix",
    ],
  ],
  Array [
    "HandleMonitorLog",
    Array [],
  ],
  Array [
    "monitor.setLog",
    Array [
      "HandleMonitorLog()",
    ],
  ],
  Array [
    "monitor.attach",
    Array [
      Object {
        "error": "errorFilter.logger",
        "extend": "local/server/pg/extendRepos",
        "promiseLib": "Bluebird",
      },
      Array [
        "connect",
        "disconnect",
        "task",
        "transact",
        "query",
      ],
    ],
  ],
]
`;
